// Jest Snapshot v1, https://goo.gl/fbAQLP

exports[`<App /> renders: match snapshot 1`] = `
<main>
  BG3 SpellDeck
</main>
`;
